// Jest Snapshot v1, https://goo.gl/fbAQLP

exports[`Card should ensure component is rendered correctly 1`] = `
ShallowWrapper {
  Symbol(enzyme.__root__): [Circular],
  Symbol(enzyme.__unrendered__): <Cards
    cards={
      Array [
        "X",
        "X",
        "X",
        "X",
        "X",
        "X",
        "X",
        "X",
        "X",
      ]
    }
    handlePick={[MockFunction]}
  />,
  Symbol(enzyme.__renderer__): Object {
    "batchedUpdates": [Function],
    "checkPropTypes": [Function],
    "getNode": [Function],
    "render": [Function],
    "simulateError": [Function],
    "simulateEvent": [Function],
    "unmount": [Function],
  },
  Symbol(enzyme.__node__): Object {
    "instance": null,
    "key": undefined,
    "nodeType": "host",
    "props": Object {
      "children": Array [
        <div
          className="card"
          onClick={[Function]}
        >
          X
        </div>,
        <div
          className="card"
          onClick={[Function]}
        >
          X
        </div>,
        <div
          className="card"
          onClick={[Function]}
        >
          X
        </div>,
        <div
          className="card"
          onClick={[Function]}
        >
          X
        </div>,
        <div
          className="card"
          onClick={[Function]}
        >
          X
        </div>,
        <div
          className="card"
          onClick={[Function]}
        >
          X
        </div>,
        <div
          className="card"
          onClick={[Function]}
        >
          X
        </div>,
        <div
          className="card"
          onClick={[Function]}
        >
          X
        </div>,
        <div
          className="card"
          onClick={[Function]}
        >
          X
        </div>,
      ],
      "className": "cards",
    },
    "ref": null,
    "rendered": Array [
      Object {
        "instance": null,
        "key": "0",
        "nodeType": "host",
        "props": Object {
          "children": "X",
          "className": "card",
          "onClick": [Function],
        },
        "ref": null,
        "rendered": "X",
        "type": "div",
      },
      Object {
        "instance": null,
        "key": "1",
        "nodeType": "host",
        "props": Object {
          "children": "X",
          "className": "card",
          "onClick": [Function],
        },
        "ref": null,
        "rendered": "X",
        "type": "div",
      },
      Object {
        "instance": null,
        "key": "2",
        "nodeType": "host",
        "props": Object {
          "children": "X",
          "className": "card",
          "onClick": [Function],
        },
        "ref": null,
        "rendered": "X",
        "type": "div",
      },
      Object {
        "instance": null,
        "key": "3",
        "nodeType": "host",
        "props": Object {
          "children": "X",
          "className": "card",
          "onClick": [Function],
        },
        "ref": null,
        "rendered": "X",
        "type": "div",
      },
      Object {
        "instance": null,
        "key": "4",
        "nodeType": "host",
        "props": Object {
          "children": "X",
          "className": "card",
          "onClick": [Function],
        },
        "ref": null,
        "rendered": "X",
        "type": "div",
      },
      Object {
        "instance": null,
        "key": "5",
        "nodeType": "host",
        "props": Object {
          "children": "X",
          "className": "card",
          "onClick": [Function],
        },
        "ref": null,
        "rendered": "X",
        "type": "div",
      },
      Object {
        "instance": null,
        "key": "6",
        "nodeType": "host",
        "props": Object {
          "children": "X",
          "className": "card",
          "onClick": [Function],
        },
        "ref": null,
        "rendered": "X",
        "type": "div",
      },
      Object {
        "instance": null,
        "key": "7",
        "nodeType": "host",
        "props": Object {
          "children": "X",
          "className": "card",
          "onClick": [Function],
        },
        "ref": null,
        "rendered": "X",
        "type": "div",
      },
      Object {
        "instance": null,
        "key": "8",
        "nodeType": "host",
        "props": Object {
          "children": "X",
          "className": "card",
          "onClick": [Function],
        },
        "ref": null,
        "rendered": "X",
        "type": "div",
      },
    ],
    "type": "div",
  },
  Symbol(enzyme.__nodes__): Array [
    Object {
      "instance": null,
      "key": undefined,
      "nodeType": "host",
      "props": Object {
        "children": Array [
          <div
            className="card"
            onClick={[Function]}
          >
            X
          </div>,
          <div
            className="card"
            onClick={[Function]}
          >
            X
          </div>,
          <div
            className="card"
            onClick={[Function]}
          >
            X
          </div>,
          <div
            className="card"
            onClick={[Function]}
          >
            X
          </div>,
          <div
            className="card"
            onClick={[Function]}
          >
            X
          </div>,
          <div
            className="card"
            onClick={[Function]}
          >
            X
          </div>,
          <div
            className="card"
            onClick={[Function]}
          >
            X
          </div>,
          <div
            className="card"
            onClick={[Function]}
          >
            X
          </div>,
          <div
            className="card"
            onClick={[Function]}
          >
            X
          </div>,
        ],
        "className": "cards",
      },
      "ref": null,
      "rendered": Array [
        Object {
          "instance": null,
          "key": "0",
          "nodeType": "host",
          "props": Object {
            "children": "X",
            "className": "card",
            "onClick": [Function],
          },
          "ref": null,
          "rendered": "X",
          "type": "div",
        },
        Object {
          "instance": null,
          "key": "1",
          "nodeType": "host",
          "props": Object {
            "children": "X",
            "className": "card",
            "onClick": [Function],
          },
          "ref": null,
          "rendered": "X",
          "type": "div",
        },
        Object {
          "instance": null,
          "key": "2",
          "nodeType": "host",
          "props": Object {
            "children": "X",
            "className": "card",
            "onClick": [Function],
          },
          "ref": null,
          "rendered": "X",
          "type": "div",
        },
        Object {
          "instance": null,
          "key": "3",
          "nodeType": "host",
          "props": Object {
            "children": "X",
            "className": "card",
            "onClick": [Function],
          },
          "ref": null,
          "rendered": "X",
          "type": "div",
        },
        Object {
          "instance": null,
          "key": "4",
          "nodeType": "host",
          "props": Object {
            "children": "X",
            "className": "card",
            "onClick": [Function],
          },
          "ref": null,
          "rendered": "X",
          "type": "div",
        },
        Object {
          "instance": null,
          "key": "5",
          "nodeType": "host",
          "props": Object {
            "children": "X",
            "className": "card",
            "onClick": [Function],
          },
          "ref": null,
          "rendered": "X",
          "type": "div",
        },
        Object {
          "instance": null,
          "key": "6",
          "nodeType": "host",
          "props": Object {
            "children": "X",
            "className": "card",
            "onClick": [Function],
          },
          "ref": null,
          "rendered": "X",
          "type": "div",
        },
        Object {
          "instance": null,
          "key": "7",
          "nodeType": "host",
          "props": Object {
            "children": "X",
            "className": "card",
            "onClick": [Function],
          },
          "ref": null,
          "rendered": "X",
          "type": "div",
        },
        Object {
          "instance": null,
          "key": "8",
          "nodeType": "host",
          "props": Object {
            "children": "X",
            "className": "card",
            "onClick": [Function],
          },
          "ref": null,
          "rendered": "X",
          "type": "div",
        },
      ],
      "type": "div",
    },
  ],
  Symbol(enzyme.__options__): Object {
    "adapter": ReactSixteenAdapter {
      "options": Object {
        "enableComponentDidUpdateOnSetState": true,
        "legacyContextMode": "parent",
        "lifecycles": Object {
          "componentDidUpdate": Object {
            "onSetState": true,
          },
          "getChildContext": Object {
            "calledByRenderer": false,
          },
          "getDerivedStateFromProps": true,
          "getSnapshotBeforeUpdate": true,
          "setState": Object {
            "skipsComponentDidUpdateOnNullish": true,
          },
        },
      },
    },
  },
}
`;
